Archive member included to satisfy reference by file (symbol)

d:/atmel/7.0/toolchain/avr8/avr8-gnu-toolchain/bin/../lib/gcc/avr/5.4.0/avr5\libgcc.a(_mulsi3.o)
                              bmschip.o (__mulsi3)
d:/atmel/7.0/toolchain/avr8/avr8-gnu-toolchain/bin/../lib/gcc/avr/5.4.0/avr5\libgcc.a(_udivmodsi4.o)
                              bmschip.o (__udivmodsi4)
d:/atmel/7.0/toolchain/avr8/avr8-gnu-toolchain/bin/../lib/gcc/avr/5.4.0/avr5\libgcc.a(_exit.o)
                              D:/Atmel/7.0/Packs/atmel/ATmega_DFP/1.0.98/gcc/dev/atmega64m1/avr5/crtatmega64m1.o (exit)
d:/atmel/7.0/toolchain/avr8/avr8-gnu-toolchain/bin/../lib/gcc/avr/5.4.0/avr5\libgcc.a(_tablejump2.o)
                              DigIO.o (__tablejump2__)
d:/atmel/7.0/toolchain/avr8/avr8-gnu-toolchain/bin/../lib/gcc/avr/5.4.0/avr5\libgcc.a(_copy_data.o)
                              bmschip.o (__do_copy_data)
d:/atmel/7.0/toolchain/avr8/avr8-gnu-toolchain/bin/../lib/gcc/avr/5.4.0/avr5\libgcc.a(_clear_bss.o)
                              bmschip.o (__do_clear_bss)
d:/atmel/7.0/toolchain/avr8/avr8-gnu-toolchain/bin/../lib/gcc/avr/5.4.0/avr5\libgcc.a(_muluhisi3.o)
                              bmschip.o (__muluhisi3)
d:/atmel/7.0/toolchain/avr8/avr8-gnu-toolchain/bin/../lib/gcc/avr/5.4.0/avr5\libgcc.a(_muldi3.o)
                              bmschip.o (__muldi3)
d:/atmel/7.0/toolchain/avr8/avr8-gnu-toolchain/bin/../lib/gcc/avr/5.4.0/avr5\libgcc.a(_muldi3_6.o)
                              d:/atmel/7.0/toolchain/avr8/avr8-gnu-toolchain/bin/../lib/gcc/avr/5.4.0/avr5\libgcc.a(_muldi3.o) (__muldi3_6)
d:/atmel/7.0/toolchain/avr8/avr8-gnu-toolchain/bin/../lib/gcc/avr/5.4.0/avr5\libgcc.a(_divdi3.o)
                              bmschip.o (__divdi3)
d:/atmel/7.0/toolchain/avr8/avr8-gnu-toolchain/bin/../lib/gcc/avr/5.4.0/avr5\libgcc.a(_udivdi3.o)
                              d:/atmel/7.0/toolchain/avr8/avr8-gnu-toolchain/bin/../lib/gcc/avr/5.4.0/avr5\libgcc.a(_divdi3.o) (__udivdi3_umoddi3)
d:/atmel/7.0/toolchain/avr8/avr8-gnu-toolchain/bin/../lib/gcc/avr/5.4.0/avr5\libgcc.a(_udivmod64.o)
                              d:/atmel/7.0/toolchain/avr8/avr8-gnu-toolchain/bin/../lib/gcc/avr/5.4.0/avr5\libgcc.a(_divdi3.o) (__udivmod64)
d:/atmel/7.0/toolchain/avr8/avr8-gnu-toolchain/bin/../lib/gcc/avr/5.4.0/avr5\libgcc.a(_negdi2.o)
                              d:/atmel/7.0/toolchain/avr8/avr8-gnu-toolchain/bin/../lib/gcc/avr/5.4.0/avr5\libgcc.a(_divdi3.o) (__negdi2)
d:/atmel/7.0/toolchain/avr8/avr8-gnu-toolchain/bin/../lib/gcc/avr/5.4.0/avr5\libgcc.a(_prologue.o)
                              d:/atmel/7.0/toolchain/avr8/avr8-gnu-toolchain/bin/../lib/gcc/avr/5.4.0/avr5\libgcc.a(_divdi3.o) (__prologue_saves__)
d:/atmel/7.0/toolchain/avr8/avr8-gnu-toolchain/bin/../lib/gcc/avr/5.4.0/avr5\libgcc.a(_epilogue.o)
                              d:/atmel/7.0/toolchain/avr8/avr8-gnu-toolchain/bin/../lib/gcc/avr/5.4.0/avr5\libgcc.a(_divdi3.o) (__epilogue_restores__)
d:/atmel/7.0/toolchain/avr8/avr8-gnu-toolchain/bin/../lib/gcc/avr/5.4.0/avr5\libgcc.a(_ashrdi3.o)
                              bmschip.o (__lshrdi3)
d:/atmel/7.0/toolchain/avr8/avr8-gnu-toolchain/bin/../lib/gcc/avr/5.4.0/avr5\libgcc.a(_subdi3.o)
                              bmschip.o (__subdi3)
d:/atmel/7.0/toolchain/avr8/avr8-gnu-toolchain/bin/../lib/gcc/avr/5.4.0/avr5\libgcc.a(_umulhisi3.o)
                              d:/atmel/7.0/toolchain/avr8/avr8-gnu-toolchain/bin/../lib/gcc/avr/5.4.0/avr5\libgcc.a(_muluhisi3.o) (__umulhisi3)

Allocating common symbols
Common symbol       size              file

S_Box_Timer_Done    0x1               user_tasks.o
tempspeicher        0x2               user_tasks.o
bms                 0x259             user_tasks.o
buff                0x2               bmschip.o
curSpeicher         0x4               user_tasks.o
wait_count          0x2               bmschip.o
i                   0x1               user_tasks.o
ltc6804             0x16              bmschip.o
i1                  0x1               user_tasks.o
uart_out            0xa               bmschip.o
can_tx_flags        0x1               can.o
eingabe             0x1               user_tasks.o

Discarded input sections

 .data          0x00000000        0x0 D:/Atmel/7.0/Packs/atmel/ATmega_DFP/1.0.98/gcc/dev/atmega64m1/avr5/crtatmega64m1.o
 .bss           0x00000000        0x0 D:/Atmel/7.0/Packs/atmel/ATmega_DFP/1.0.98/gcc/dev/atmega64m1/avr5/crtatmega64m1.o
 .text          0x00000000        0x0 bmschip.o
 .data          0x00000000        0x0 bmschip.o
 .bss           0x00000000        0x0 bmschip.o
 .text.evaluate_Current
                0x00000000      0x1ea bmschip.o
 .text          0x00000000        0x0 can.o
 .data          0x00000000        0x0 can.o
 .bss           0x00000000        0x0 can.o
 .text.Get_HV_Request_Status
                0x00000000        0x6 can.o
 .text.Reset_HV_Request
                0x00000000        0x6 can.o
 .text.Get_Error_Acknowledge_Status
                0x00000000        0x6 can.o
 .text.Reset_Error_Acknowledge
                0x00000000        0x6 can.o
 .text.Reactivate_IVT_MOB
                0x00000000        0xe can.o
 .text          0x00000000        0x0 DigIO.o
 .data          0x00000000        0x0 DigIO.o
 .bss           0x00000000        0x0 DigIO.o
 .text          0x00000000        0x0 isocontrol.o
 .data          0x00000000        0x0 isocontrol.o
 .bss           0x00000000        0x0 isocontrol.o
 .text.Enable_ISO_Control
                0x00000000        0x8 isocontrol.o
 .text.Disable_ISO_Control
                0x00000000        0xe isocontrol.o
 .text.Get_ISO_Status
                0x00000000        0x6 isocontrol.o
 .text.Get_Interlock_Status
                0x00000000        0x6 isocontrol.o
 .text          0x00000000        0x0 ivtcontrol.o
 .data          0x00000000        0x0 ivtcontrol.o
 .bss           0x00000000        0x0 ivtcontrol.o
 .text.Enable_IVT_Control
                0x00000000        0x8 ivtcontrol.o
 .text.Disable_IVT_Control
                0x00000000        0xa ivtcontrol.o
 .text.Get_Current_Status
                0x00000000        0x6 ivtcontrol.o
 .text.abs32    0x00000000       0x1a ivtcontrol.o
 .text          0x00000000        0x0 moduleelectronic.o
 .data          0x00000000        0x0 moduleelectronic.o
 .bss           0x00000000        0x0 moduleelectronic.o
 .text.Enable_Moduleelectronic_Module
                0x00000000        0x8 moduleelectronic.o
 .text.Disable_Moduleelectronic_Module
                0x00000000        0xe moduleelectronic.o
 .text.Get_Temp_Status
                0x00000000        0x6 moduleelectronic.o
 .text.Get_Voltage_Status
                0x00000000        0x6 moduleelectronic.o
 .text          0x00000000        0x0 SPI.o
 .data          0x00000000        0x0 SPI.o
 .bss           0x00000000        0x0 SPI.o
 .text.Get_SPI_Status
                0x00000000        0x6 SPI.o
 .text.SPI_Transceive_IT
                0x00000000       0x2e SPI.o
 .text          0x00000000        0x0 statemachine.o
 .data          0x00000000        0x0 statemachine.o
 .bss           0x00000000        0x0 statemachine.o
 .text.Idle     0x00000000       0xe2 statemachine.o
 .text.Operational
                0x00000000       0x2a statemachine.o
 .text.Error    0x00000000       0x16 statemachine.o
 .text.Statemachine_Task
                0x00000000       0x18 statemachine.o
 .bss.teststarttime.1700
                0x00000000        0x4 statemachine.o
 .data.entry.1699
                0x00000000        0x2 statemachine.o
 .bss.substate.1695
                0x00000000        0x1 statemachine.o
 .data.StateMachineFunctions
                0x00000000        0x6 statemachine.o
 .bss.hv_ready  0x00000000        0x1 statemachine.o
 .text          0x00000000        0x0 timer.o
 .data          0x00000000        0x0 timer.o
 .bss           0x00000000        0x0 timer.o
 .text.timer_1ms_task
                0x00000000        0x2 timer.o
 .text.timer_5ms_task
                0x00000000        0x2 timer.o
 .text.timer_10ms_task
                0x00000000        0x2 timer.o
 .text.timer_100ms_task
                0x00000000        0x6 timer.o
 .text.timer_500ms_task
                0x00000000        0x2 timer.o
 .text.timer_1s_task
                0x00000000        0x2 timer.o
 .text          0x00000000        0x0 uc_v3_base_sw.o
 .data          0x00000000        0x0 uc_v3_base_sw.o
 .bss           0x00000000        0x0 uc_v3_base_sw.o
 .text          0x00000000        0x0 usart.o
 .data          0x00000000        0x0 usart.o
 .bss           0x00000000        0x0 usart.o
 .text.usart_receive
                0x00000000       0x18 usart.o
 .text.usart_write_it
                0x00000000       0xa4 usart.o
 .text          0x00000000        0x0 user_tasks.o
 .data          0x00000000        0x0 user_tasks.o
 .bss           0x00000000        0x0 user_tasks.o
 .bss.bal       0x00000000        0x1 user_tasks.o
 .bss.Communication_Timer
                0x00000000        0x1 user_tasks.o
 .bss.Overtemp_Timer
                0x00000000        0x1 user_tasks.o
 .bss.Undervolt_Timer
                0x00000000        0x1 user_tasks.o
 .bss.Overvolt_Timer
                0x00000000        0x1 user_tasks.o
 .bss.Overcur_Timer
                0x00000000        0x1 user_tasks.o
 .bss.S_Box_Timer
                0x00000000        0x1 user_tasks.o
 .bss.slave     0x00000000        0x1 user_tasks.o
 .bss.Freigabe_flag
                0x00000000        0x1 user_tasks.o
 .bss.Test_flag
                0x00000000        0x1 user_tasks.o
 .bss.Init_flag
                0x00000000        0x1 user_tasks.o
 .bss.STM_flag  0x00000000        0x1 user_tasks.o
 .text          0x00000000        0x0 d:/atmel/7.0/toolchain/avr8/avr8-gnu-toolchain/bin/../lib/gcc/avr/5.4.0/avr5\libgcc.a(_mulsi3.o)
 .data          0x00000000        0x0 d:/atmel/7.0/toolchain/avr8/avr8-gnu-toolchain/bin/../lib/gcc/avr/5.4.0/avr5\libgcc.a(_mulsi3.o)
 .bss           0x00000000        0x0 d:/atmel/7.0/toolchain/avr8/avr8-gnu-toolchain/bin/../lib/gcc/avr/5.4.0/avr5\libgcc.a(_mulsi3.o)
 .text.libgcc.mul
                0x00000000       0x20 d:/atmel/7.0/toolchain/avr8/avr8-gnu-toolchain/bin/../lib/gcc/avr/5.4.0/avr5\libgcc.a(_mulsi3.o)
 .text.libgcc.div
                0x00000000        0x0 d:/atmel/7.0/toolchain/avr8/avr8-gnu-toolchain/bin/../lib/gcc/avr/5.4.0/avr5\libgcc.a(_mulsi3.o)
 .text.libgcc   0x00000000        0x0 d:/atmel/7.0/toolchain/avr8/avr8-gnu-toolchain/bin/../lib/gcc/avr/5.4.0/avr5\libgcc.a(_mulsi3.o)
 .text.libgcc.prologue
                0x00000000        0x0 d:/atmel/7.0/toolchain/avr8/avr8-gnu-toolchain/bin/../lib/gcc/avr/5.4.0/avr5\libgcc.a(_mulsi3.o)
 .text.libgcc.builtins
                0x00000000        0x0 d:/atmel/7.0/toolchain/avr8/avr8-gnu-toolchain/bin/../lib/gcc/avr/5.4.0/avr5\libgcc.a(_mulsi3.o)
 .text.libgcc.fmul
                0x00000000        0x0 d:/atmel/7.0/toolchain/avr8/avr8-gnu-toolchain/bin/../lib/gcc/avr/5.4.0/avr5\libgcc.a(_mulsi3.o)
 .text.libgcc.fixed
                0x00000000        0x0 d:/atmel/7.0/toolchain/avr8/avr8-gnu-toolchain/bin/../lib/gcc/avr/5.4.0/avr5\libgcc.a(_mulsi3.o)
 .text          0x00000000        0x0 d:/atmel/7.0/toolchain/avr8/avr8-gnu-toolchain/bin/../lib/gcc/avr/5.4.0/avr5\libgcc.a(_udivmodsi4.o)
 .data          0x00000000        0x0 d:/atmel/7.0/toolchain/avr8/avr8-gnu-toolchain/bin/../lib/gcc/avr/5.4.0/avr5\libgcc.a(_udivmodsi4.o)
 .bss           0x00000000        0x0 d:/atmel/7.0/toolchain/avr8/avr8-gnu-toolchain/bin/../lib/gcc/avr/5.4.0/avr5\libgcc.a(_udivmodsi4.o)
 .text.libgcc.mul
                0x00000000        0x0 d:/atmel/7.0/toolchain/avr8/avr8-gnu-toolchain/bin/../lib/gcc/avr/5.4.0/avr5\libgcc.a(_udivmodsi4.o)
 .text.libgcc   0x00000000        0x0 d:/atmel/7.0/toolchain/avr8/avr8-gnu-toolchain/bin/../lib/gcc/avr/5.4.0/avr5\libgcc.a(_udivmodsi4.o)
 .text.libgcc.prologue
                0x00000000        0x0 d:/atmel/7.0/toolchain/avr8/avr8-gnu-toolchain/bin/../lib/gcc/avr/5.4.0/avr5\libgcc.a(_udivmodsi4.o)
 .text.libgcc.builtins
                0x00000000        0x0 d:/atmel/7.0/toolchain/avr8/avr8-gnu-toolchain/bin/../lib/gcc/avr/5.4.0/avr5\libgcc.a(_udivmodsi4.o)
 .text.libgcc.fmul
                0x00000000        0x0 d:/atmel/7.0/toolchain/avr8/avr8-gnu-toolchain/bin/../lib/gcc/avr/5.4.0/avr5\libgcc.a(_udivmodsi4.o)
 .text.libgcc.fixed
                0x00000000        0x0 d:/atmel/7.0/toolchain/avr8/avr8-gnu-toolchain/bin/../lib/gcc/avr/5.4.0/avr5\libgcc.a(_udivmodsi4.o)
 .text          0x00000000        0x0 d:/atmel/7.0/toolchain/avr8/avr8-gnu-toolchain/bin/../lib/gcc/avr/5.4.0/avr5\libgcc.a(_exit.o)
 .data          0x00000000        0x0 d:/atmel/7.0/toolchain/avr8/avr8-gnu-toolchain/bin/../lib/gcc/avr/5.4.0/avr5\libgcc.a(_exit.o)
 .bss           0x00000000        0x0 d:/atmel/7.0/toolchain/avr8/avr8-gnu-toolchain/bin/../lib/gcc/avr/5.4.0/avr5\libgcc.a(_exit.o)
 .text.libgcc.mul
                0x00000000        0x0 d:/atmel/7.0/toolchain/avr8/avr8-gnu-toolchain/bin/../lib/gcc/avr/5.4.0/avr5\libgcc.a(_exit.o)
 .text.libgcc.div
                0x00000000        0x0 d:/atmel/7.0/toolchain/avr8/avr8-gnu-toolchain/bin/../lib/gcc/avr/5.4.0/avr5\libgcc.a(_exit.o)
 .text.libgcc   0x00000000        0x0 d:/atmel/7.0/toolchain/avr8/avr8-gnu-toolchain/bin/../lib/gcc/avr/5.4.0/avr5\libgcc.a(_exit.o)
 .text.libgcc.prologue
                0x00000000        0x0 d:/atmel/7.0/toolchain/avr8/avr8-gnu-toolchain/bin/../lib/gcc/avr/5.4.0/avr5\libgcc.a(_exit.o)
 .text.libgcc.builtins
                0x00000000        0x0 d:/atmel/7.0/toolchain/avr8/avr8-gnu-toolchain/bin/../lib/gcc/avr/5.4.0/avr5\libgcc.a(_exit.o)
 .text.libgcc.fmul
                0x00000000        0x0 d:/atmel/7.0/toolchain/avr8/avr8-gnu-toolchain/bin/../lib/gcc/avr/5.4.0/avr5\libgcc.a(_exit.o)
 .text.libgcc.fixed
                0x00000000        0x0 d:/atmel/7.0/toolchain/avr8/avr8-gnu-toolchain/bin/../lib/gcc/avr/5.4.0/avr5\libgcc.a(_exit.o)
 .text          0x00000000        0x0 d:/atmel/7.0/toolchain/avr8/avr8-gnu-toolchain/bin/../lib/gcc/avr/5.4.0/avr5\libgcc.a(_tablejump2.o)
 .data          0x00000000        0x0 d:/atmel/7.0/toolchain/avr8/avr8-gnu-toolchain/bin/../lib/gcc/avr/5.4.0/avr5\libgcc.a(_tablejump2.o)
 .bss           0x00000000        0x0 d:/atmel/7.0/toolchain/avr8/avr8-gnu-toolchain/bin/../lib/gcc/avr/5.4.0/avr5\libgcc.a(_tablejump2.o)
 .text.libgcc.mul
                0x00000000        0x0 d:/atmel/7.0/toolchain/avr8/avr8-gnu-toolchain/bin/../lib/gcc/avr/5.4.0/avr5\libgcc.a(_tablejump2.o)
 .text.libgcc.div
                0x00000000        0x0 d:/atmel/7.0/toolchain/avr8/avr8-gnu-toolchain/bin/../lib/gcc/avr/5.4.0/avr5\libgcc.a(_tablejump2.o)
 .text.libgcc.prologue
                0x00000000        0x0 d:/atmel/7.0/toolchain/avr8/avr8-gnu-toolchain/bin/../lib/gcc/avr/5.4.0/avr5\libgcc.a(_tablejump2.o)
 .text.libgcc.builtins
                0x00000000        0x0 d:/atmel/7.0/toolchain/avr8/avr8-gnu-toolchain/bin/../lib/gcc/avr/5.4.0/avr5\libgcc.a(_tablejump2.o)
 .text.libgcc.fmul
                0x00000000        0x0 d:/atmel/7.0/toolchain/avr8/avr8-gnu-toolchain/bin/../lib/gcc/avr/5.4.0/avr5\libgcc.a(_tablejump2.o)
 .text.libgcc.fixed
                0x00000000        0x0 d:/atmel/7.0/toolchain/avr8/avr8-gnu-toolchain/bin/../lib/gcc/avr/5.4.0/avr5\libgcc.a(_tablejump2.o)
 .text          0x00000000        0x0 d:/atmel/7.0/toolchain/avr8/avr8-gnu-toolchain/bin/../lib/gcc/avr/5.4.0/avr5\libgcc.a(_copy_data.o)
 .data          0x00000000        0x0 d:/atmel/7.0/toolchain/avr8/avr8-gnu-toolchain/bin/../lib/gcc/avr/5.4.0/avr5\libgcc.a(_copy_data.o)
 .bss           0x00000000        0x0 d:/atmel/7.0/toolchain/avr8/avr8-gnu-toolchain/bin/../lib/gcc/avr/5.4.0/avr5\libgcc.a(_copy_data.o)
 .text.libgcc.mul
                0x00000000        0x0 d:/atmel/7.0/toolchain/avr8/avr8-gnu-toolchain/bin/../lib/gcc/avr/5.4.0/avr5\libgcc.a(_copy_data.o)
 .text.libgcc.div
                0x00000000        0x0 d:/atmel/7.0/toolchain/avr8/avr8-gnu-toolchain/bin/../lib/gcc/avr/5.4.0/avr5\libgcc.a(_copy_data.o)
 .text.libgcc   0x00000000        0x0 d:/atmel/7.0/toolchain/avr8/avr8-gnu-toolchain/bin/../lib/gcc/avr/5.4.0/avr5\libgcc.a(_copy_data.o)
 .text.libgcc.prologue
                0x00000000        0x0 d:/atmel/7.0/toolchain/avr8/avr8-gnu-toolchain/bin/../lib/gcc/avr/5.4.0/avr5\libgcc.a(_copy_data.o)
 .text.libgcc.builtins
                0x00000000        0x0 d:/atmel/7.0/toolchain/avr8/avr8-gnu-toolchain/bin/../lib/gcc/avr/5.4.0/avr5\libgcc.a(_copy_data.o)
 .text.libgcc.fmul
                0x00000000        0x0 d:/atmel/7.0/toolchain/avr8/avr8-gnu-toolchain/bin/../lib/gcc/avr/5.4.0/avr5\libgcc.a(_copy_data.o)
 .text.libgcc.fixed
                0x00000000        0x0 d:/atmel/7.0/toolchain/avr8/avr8-gnu-toolchain/bin/../lib/gcc/avr/5.4.0/avr5\libgcc.a(_copy_data.o)
 .text          0x00000000        0x0 d:/atmel/7.0/toolchain/avr8/avr8-gnu-toolchain/bin/../lib/gcc/avr/5.4.0/avr5\libgcc.a(_clear_bss.o)
 .data          0x00000000        0x0 d:/atmel/7.0/toolchain/avr8/avr8-gnu-toolchain/bin/../lib/gcc/avr/5.4.0/avr5\libgcc.a(_clear_bss.o)
 .bss           0x00000000        0x0 d:/atmel/7.0/toolchain/avr8/avr8-gnu-toolchain/bin/../lib/gcc/avr/5.4.0/avr5\libgcc.a(_clear_bss.o)
 .text.libgcc.mul
                0x00000000        0x0 d:/atmel/7.0/toolchain/avr8/avr8-gnu-toolchain/bin/../lib/gcc/avr/5.4.0/avr5\libgcc.a(_clear_bss.o)
 .text.libgcc.div
                0x00000000        0x0 d:/atmel/7.0/toolchain/avr8/avr8-gnu-toolchain/bin/../lib/gcc/avr/5.4.0/avr5\libgcc.a(_clear_bss.o)
 .text.libgcc   0x00000000        0x0 d:/atmel/7.0/toolchain/avr8/avr8-gnu-toolchain/bin/../lib/gcc/avr/5.4.0/avr5\libgcc.a(_clear_bss.o)
 .text.libgcc.prologue
                0x00000000        0x0 d:/atmel/7.0/toolchain/avr8/avr8-gnu-toolchain/bin/../lib/gcc/avr/5.4.0/avr5\libgcc.a(_clear_bss.o)
 .text.libgcc.builtins
                0x00000000        0x0 d:/atmel/7.0/toolchain/avr8/avr8-gnu-toolchain/bin/../lib/gcc/avr/5.4.0/avr5\libgcc.a(_clear_bss.o)
 .text.libgcc.fmul
                0x00000000        0x0 d:/atmel/7.0/toolchain/avr8/avr8-gnu-toolchain/bin/../lib/gcc/avr/5.4.0/avr5\libgcc.a(_clear_bss.o)
 .text.libgcc.fixed
                0x00000000        0x0 d:/atmel/7.0/toolchain/avr8/avr8-gnu-toolchain/bin/../lib/gcc/avr/5.4.0/avr5\libgcc.a(_clear_bss.o)
 .text          0x00000000        0x0 d:/atmel/7.0/toolchain/avr8/avr8-gnu-toolchain/bin/../lib/gcc/avr/5.4.0/avr5\libgcc.a(_muluhisi3.o)
 .data          0x00000000        0x0 d:/atmel/7.0/toolchain/avr8/avr8-gnu-toolchain/bin/../lib/gcc/avr/5.4.0/avr5\libgcc.a(_muluhisi3.o)
 .bss           0x00000000        0x0 d:/atmel/7.0/toolchain/avr8/avr8-gnu-toolchain/bin/../lib/gcc/avr/5.4.0/avr5\libgcc.a(_muluhisi3.o)
 .text.libgcc.mul
                0x00000000       0x16 d:/atmel/7.0/toolchain/avr8/avr8-gnu-toolchain/bin/../lib/gcc/avr/5.4.0/avr5\libgcc.a(_muluhisi3.o)
 .text.libgcc.div
                0x00000000        0x0 d:/atmel/7.0/toolchain/avr8/avr8-gnu-toolchain/bin/../lib/gcc/avr/5.4.0/avr5\libgcc.a(_muluhisi3.o)
 .text.libgcc   0x00000000        0x0 d:/atmel/7.0/toolchain/avr8/avr8-gnu-toolchain/bin/../lib/gcc/avr/5.4.0/avr5\libgcc.a(_muluhisi3.o)
 .text.libgcc.prologue
                0x00000000        0x0 d:/atmel/7.0/toolchain/avr8/avr8-gnu-toolchain/bin/../lib/gcc/avr/5.4.0/avr5\libgcc.a(_muluhisi3.o)
 .text.libgcc.builtins
                0x00000000        0x0 d:/atmel/7.0/toolchain/avr8/avr8-gnu-toolchain/bin/../lib/gcc/avr/5.4.0/avr5\libgcc.a(_muluhisi3.o)
 .text.libgcc.fmul
                0x00000000        0x0 d:/atmel/7.0/toolchain/avr8/avr8-gnu-toolchain/bin/../lib/gcc/avr/5.4.0/avr5\libgcc.a(_muluhisi3.o)
 .text.libgcc.fixed
                0x00000000        0x0 d:/atmel/7.0/toolchain/avr8/avr8-gnu-toolchain/bin/../lib/gcc/avr/5.4.0/avr5\libgcc.a(_muluhisi3.o)
 .text          0x00000000        0x0 d:/atmel/7.0/toolchain/avr8/avr8-gnu-toolchain/bin/../lib/gcc/avr/5.4.0/avr5\libgcc.a(_muldi3.o)
 .data          0x00000000        0x0 d:/atmel/7.0/toolchain/avr8/avr8-gnu-toolchain/bin/../lib/gcc/avr/5.4.0/avr5\libgcc.a(_muldi3.o)
 .bss           0x00000000        0x0 d:/atmel/7.0/toolchain/avr8/avr8-gnu-toolchain/bin/../lib/gcc/avr/5.4.0/avr5\libgcc.a(_muldi3.o)
 .text.libgcc.div
                0x00000000        0x0 d:/atmel/7.0/toolchain/avr8/avr8-gnu-toolchain/bin/../lib/gcc/avr/5.4.0/avr5\libgcc.a(_muldi3.o)
 .text.libgcc   0x00000000        0x0 d:/atmel/7.0/toolchain/avr8/avr8-gnu-toolchain/bin/../lib/gcc/avr/5.4.0/avr5\libgcc.a(_muldi3.o)
 .text.libgcc.prologue
                0x00000000        0x0 d:/atmel/7.0/toolchain/avr8/avr8-gnu-toolchain/bin/../lib/gcc/avr/5.4.0/avr5\libgcc.a(_muldi3.o)
 .text.libgcc.builtins
                0x00000000        0x0 d:/atmel/7.0/toolchain/avr8/avr8-gnu-toolchain/bin/../lib/gcc/avr/5.4.0/avr5\libgcc.a(_muldi3.o)
 .text.libgcc.fmul
                0x00000000        0x0 d:/atmel/7.0/toolchain/avr8/avr8-gnu-toolchain/bin/../lib/gcc/avr/5.4.0/avr5\libgcc.a(_muldi3.o)
 .text.libgcc.fixed
                0x00000000        0x0 d:/atmel/7.0/toolchain/avr8/avr8-gnu-toolchain/bin/../lib/gcc/avr/5.4.0/avr5\libgcc.a(_muldi3.o)
 .text          0x00000000        0x0 d:/atmel/7.0/toolchain/avr8/avr8-gnu-toolchain/bin/../lib/gcc/avr/5.4.0/avr5\libgcc.a(_muldi3_6.o)
 .data          0x00000000        0x0 d:/atmel/7.0/toolchain/avr8/avr8-gnu-toolchain/bin/../lib/gcc/avr/5.4.0/avr5\libgcc.a(_muldi3_6.o)
 .bss           0x00000000        0x0 d:/atmel/7.0/toolchain/avr8/avr8-gnu-toolchain/bin/../lib/gcc/avr/5.4.0/avr5\libgcc.a(_muldi3_6.o)
 .text.libgcc.div
                0x00000000        0x0 d:/atmel/7.0/toolchain/avr8/avr8-gnu-toolchain/bin/../lib/gcc/avr/5.4.0/avr5\libgcc.a(_muldi3_6.o)
 .text.libgcc   0x00000000        0x0 d:/atmel/7.0/toolchain/avr8/avr8-gnu-toolchain/bin/../lib/gcc/avr/5.4.0/avr5\libgcc.a(_muldi3_6.o)
 .text.libgcc.prologue
                0x00000000        0x0 d:/atmel/7.0/toolchain/avr8/avr8-gnu-toolchain/bin/../lib/gcc/avr/5.4.0/avr5\libgcc.a(_muldi3_6.o)
 .text.libgcc.builtins
                0x00000000        0x0 d:/atmel/7.0/toolchain/avr8/avr8-gnu-toolchain/bin/../lib/gcc/avr/5.4.0/avr5\libgcc.a(_muldi3_6.o)
 .text.libgcc.fmul
                0x00000000        0x0 d:/atmel/7.0/toolchain/avr8/avr8-gnu-toolchain/bin/../lib/gcc/avr/5.4.0/avr5\libgcc.a(_muldi3_6.o)
 .text.libgcc.fixed
                0x00000000        0x0 d:/atmel/7.0/toolchain/avr8/avr8-gnu-toolchain/bin/../lib/gcc/avr/5.4.0/avr5\libgcc.a(_muldi3_6.o)
 .text          0x00000000        0x0 d:/atmel/7.0/toolchain/avr8/avr8-gnu-toolchain/bin/../lib/gcc/avr/5.4.0/avr5\libgcc.a(_divdi3.o)
 .data          0x00000000        0x0 d:/atmel/7.0/toolchain/avr8/avr8-gnu-toolchain/bin/../lib/gcc/avr/5.4.0/avr5\libgcc.a(_divdi3.o)
 .bss           0x00000000        0x0 d:/atmel/7.0/toolchain/avr8/avr8-gnu-toolchain/bin/../lib/gcc/avr/5.4.0/avr5\libgcc.a(_divdi3.o)
 .text.libgcc.mul
                0x00000000        0x0 d:/atmel/7.0/toolchain/avr8/avr8-gnu-toolchain/bin/../lib/gcc/avr/5.4.0/avr5\libgcc.a(_divdi3.o)
 .text.libgcc   0x00000000        0x0 d:/atmel/7.0/toolchain/avr8/avr8-gnu-toolchain/bin/../lib/gcc/avr/5.4.0/avr5\libgcc.a(_divdi3.o)
 .text.libgcc.prologue
                0x00000000        0x0 d:/atmel/7.0/toolchain/avr8/avr8-gnu-toolchain/bin/../lib/gcc/avr/5.4.0/avr5\libgcc.a(_divdi3.o)
 .text.libgcc.builtins
                0x00000000        0x0 d:/atmel/7.0/toolchain/avr8/avr8-gnu-toolchain/bin/../lib/gcc/avr/5.4.0/avr5\libgcc.a(_divdi3.o)
 .text.libgcc.fmul
                0x00000000        0x0 d:/atmel/7.0/toolchain/avr8/avr8-gnu-toolchain/bin/../lib/gcc/avr/5.4.0/avr5\libgcc.a(_divdi3.o)
 .text.libgcc.fixed
                0x00000000        0x0 d:/atmel/7.0/toolchain/avr8/avr8-gnu-toolchain/bin/../lib/gcc/avr/5.4.0/avr5\libgcc.a(_divdi3.o)
 .text          0x00000000        0x0 d:/atmel/7.0/toolchain/avr8/avr8-gnu-toolchain/bin/../lib/gcc/avr/5.4.0/avr5\libgcc.a(_udivdi3.o)
 .data          0x00000000        0x0 d:/atmel/7.0/toolchain/avr8/avr8-gnu-toolchain/bin/../lib/gcc/avr/5.4.0/avr5\libgcc.a(_udivdi3.o)
 .bss           0x00000000        0x0 d:/atmel/7.0/toolchain/avr8/avr8-gnu-toolchain/bin/../lib/gcc/avr/5.4.0/avr5\libgcc.a(_udivdi3.o)
 .text.libgcc.mul
                0x00000000        0x0 d:/atmel/7.0/toolchain/avr8/avr8-gnu-toolchain/bin/../lib/gcc/avr/5.4.0/avr5\libgcc.a(_udivdi3.o)
 .text.libgcc   0x00000000        0x0 d:/atmel/7.0/toolchain/avr8/avr8-gnu-toolchain/bin/../lib/gcc/avr/5.4.0/avr5\libgcc.a(_udivdi3.o)
 .text.libgcc.prologue
                0x00000000        0x0 d:/atmel/7.0/toolchain/avr8/avr8-gnu-toolchain/bin/../lib/gcc/avr/5.4.0/avr5\libgcc.a(_udivdi3.o)
 .text.libgcc.builtins
                0x00000000        0x0 d:/atmel/7.0/toolchain/avr8/avr8-gnu-toolchain/bin/../lib/gcc/avr/5.4.0/avr5\libgcc.a(_udivdi3.o)
 .text.libgcc.fmul
                0x00000000        0x0 d:/atmel/7.0/toolchain/avr8/avr8-gnu-toolchain/bin/../lib/gcc/avr/5.4.0/avr5\libgcc.a(_udivdi3.o)
 .text.libgcc.fixed
                0x00000000        0x0 d:/atmel/7.0/toolchain/avr8/avr8-gnu-toolchain/bin/../lib/gcc/avr/5.4.0/avr5\libgcc.a(_udivdi3.o)
 .text          0x00000000        0x0 d:/atmel/7.0/toolchain/avr8/avr8-gnu-toolchain/bin/../lib/gcc/avr/5.4.0/avr5\libgcc.a(_udivmod64.o)
 .data          0x00000000        0x0 d:/atmel/7.0/toolchain/avr8/avr8-gnu-toolchain/bin/../lib/gcc/avr/5.4.0/avr5\libgcc.a(_udivmod64.o)
 .bss           0x00000000        0x0 d:/atmel/7.0/toolchain/avr8/avr8-gnu-toolchain/bin/../lib/gcc/avr/5.4.0/avr5\libgcc.a(_udivmod64.o)
 .text.libgcc.mul
                0x00000000        0x0 d:/atmel/7.0/toolchain/avr8/avr8-gnu-toolchain/bin/../lib/gcc/avr/5.4.0/avr5\libgcc.a(_udivmod64.o)
 .text.libgcc   0x00000000        0x0 d:/atmel/7.0/toolchain/avr8/avr8-gnu-toolchain/bin/../lib/gcc/avr/5.4.0/avr5\libgcc.a(_udivmod64.o)
 .text.libgcc.prologue
                0x00000000        0x0 d:/atmel/7.0/toolchain/avr8/avr8-gnu-toolchain/bin/../lib/gcc/avr/5.4.0/avr5\libgcc.a(_udivmod64.o)
 .text.libgcc.builtins
                0x00000000        0x0 d:/atmel/7.0/toolchain/avr8/avr8-gnu-toolchain/bin/../lib/gcc/avr/5.4.0/avr5\libgcc.a(_udivmod64.o)
 .text.libgcc.fmul
                0x00000000        0x0 d:/atmel/7.0/toolchain/avr8/avr8-gnu-toolchain/bin/../lib/gcc/avr/5.4.0/avr5\libgcc.a(_udivmod64.o)
 .text.libgcc.fixed
                0x00000000        0x0 d:/atmel/7.0/toolchain/avr8/avr8-gnu-toolchain/bin/../lib/gcc/avr/5.4.0/avr5\libgcc.a(_udivmod64.o)
 .text          0x00000000        0x0 d:/atmel/7.0/toolchain/avr8/avr8-gnu-toolchain/bin/../lib/gcc/avr/5.4.0/avr5\libgcc.a(_negdi2.o)
 .data          0x00000000        0x0 d:/atmel/7.0/toolchain/avr8/avr8-gnu-toolchain/bin/../lib/gcc/avr/5.4.0/avr5\libgcc.a(_negdi2.o)
 .bss           0x00000000        0x0 d:/atmel/7.0/toolchain/avr8/avr8-gnu-toolchain/bin/../lib/gcc/avr/5.4.0/avr5\libgcc.a(_negdi2.o)
 .text.libgcc.mul
                0x00000000        0x0 d:/atmel/7.0/toolchain/avr8/avr8-gnu-toolchain/bin/../lib/gcc/avr/5.4.0/avr5\libgcc.a(_negdi2.o)
 .text.libgcc.div
                0x00000000        0x0 d:/atmel/7.0/toolchain/avr8/avr8-gnu-toolchain/bin/../lib/gcc/avr/5.4.0/avr5\libgcc.a(_negdi2.o)
 .text.libgcc.prologue
                0x00000000        0x0 d:/atmel/7.0/toolchain/avr8/avr8-gnu-toolchain/bin/../lib/gcc/avr/5.4.0/avr5\libgcc.a(_negdi2.o)
 .text.libgcc.builtins
                0x00000000        0x0 d:/atmel/7.0/toolchain/avr8/avr8-gnu-toolchain/bin/../lib/gcc/avr/5.4.0/avr5\libgcc.a(_negdi2.o)
 .text.libgcc.fmul
                0x00000000        0x0 d:/atmel/7.0/toolchain/avr8/avr8-gnu-toolchain/bin/../lib/gcc/avr/5.4.0/avr5\libgcc.a(_negdi2.o)
 .text.libgcc.fixed
                0x00000000        0x0 d:/atmel/7.0/toolchain/avr8/avr8-gnu-toolchain/bin/../lib/gcc/avr/5.4.0/avr5\libgcc.a(_negdi2.o)
 .text          0x00000000        0x0 d:/atmel/7.0/toolchain/avr8/avr8-gnu-toolchain/bin/../lib/gcc/avr/5.4.0/avr5\libgcc.a(_prologue.o)
 .data          0x00000000        0x0 d:/atmel/7.0/toolchain/avr8/avr8-gnu-toolchain/bin/../lib/gcc/avr/5.4.0/avr5\libgcc.a(_prologue.o)
 .bss           0x00000000        0x0 d:/atmel/7.0/toolchain/avr8/avr8-gnu-toolchain/bin/../lib/gcc/avr/5.4.0/avr5\libgcc.a(_prologue.o)
 .text.libgcc.mul
                0x00000000        0x0 d:/atmel/7.0/toolchain/avr8/avr8-gnu-toolchain/bin/../lib/gcc/avr/5.4.0/avr5\libgcc.a(_prologue.o)
 .text.libgcc.div
                0x00000000        0x0 d:/atmel/7.0/toolchain/avr8/avr8-gnu-toolchain/bin/../lib/gcc/avr/5.4.0/avr5\libgcc.a(_prologue.o)
 .text.libgcc   0x00000000        0x0 d:/atmel/7.0/toolchain/avr8/avr8-gnu-toolchain/bin/../lib/gcc/avr/5.4.0/avr5\libgcc.a(_prologue.o)
 .text.libgcc.builtins
                0x00000000        0x0 d:/atmel/7.0/toolchain/avr8/avr8-gnu-toolchain/bin/../lib/gcc/avr/5.4.0/avr5\libgcc.a(_prologue.o)
 .text.libgcc.fmul
                0x00000000        0x0 d:/atmel/7.0/toolchain/avr8/avr8-gnu-toolchain/bin/../lib/gcc/avr/5.4.0/avr5\libgcc.a(_prologue.o)
 .text.libgcc.fixed
                0x00000000        0x0 d:/atmel/7.0/toolchain/avr8/avr8-gnu-toolchain/bin/../lib/gcc/avr/5.4.0/avr5\libgcc.a(_prologue.o)
 .text          0x00000000        0x0 d:/atmel/7.0/toolchain/avr8/avr8-gnu-toolchain/bin/../lib/gcc/avr/5.4.0/avr5\libgcc.a(_epilogue.o)
 .data          0x00000000        0x0 d:/atmel/7.0/toolchain/avr8/avr8-gnu-toolchain/bin/../lib/gcc/avr/5.4.0/avr5\libgcc.a(_epilogue.o)
 .bss           0x00000000        0x0 d:/atmel/7.0/toolchain/avr8/avr8-gnu-toolchain/bin/../lib/gcc/avr/5.4.0/avr5\libgcc.a(_epilogue.o)
 .text.libgcc.mul
                0x00000000        0x0 d:/atmel/7.0/toolchain/avr8/avr8-gnu-toolchain/bin/../lib/gcc/avr/5.4.0/avr5\libgcc.a(_epilogue.o)
 .text.libgcc.div
                0x00000000        0x0 d:/atmel/7.0/toolchain/avr8/avr8-gnu-toolchain/bin/../lib/gcc/avr/5.4.0/avr5\libgcc.a(_epilogue.o)
 .text.libgcc   0x00000000        0x0 d:/atmel/7.0/toolchain/avr8/avr8-gnu-toolchain/bin/../lib/gcc/avr/5.4.0/avr5\libgcc.a(_epilogue.o)
 .text.libgcc.builtins
                0x00000000        0x0 d:/atmel/7.0/toolchain/avr8/avr8-gnu-toolchain/bin/../lib/gcc/avr/5.4.0/avr5\libgcc.a(_epilogue.o)
 .text.libgcc.fmul
                0x00000000        0x0 d:/atmel/7.0/toolchain/avr8/avr8-gnu-toolchain/bin/../lib/gcc/avr/5.4.0/avr5\libgcc.a(_epilogue.o)
 .text.libgcc.fixed
                0x00000000        0x0 d:/atmel/7.0/toolchain/avr8/avr8-gnu-toolchain/bin/../lib/gcc/avr/5.4.0/avr5\libgcc.a(_epilogue.o)
 .text          0x00000000        0x0 d:/atmel/7.0/toolchain/avr8/avr8-gnu-toolchain/bin/../lib/gcc/avr/5.4.0/avr5\libgcc.a(_ashrdi3.o)
 .data          0x00000000        0x0 d:/atmel/7.0/toolchain/avr8/avr8-gnu-toolchain/bin/../lib/gcc/avr/5.4.0/avr5\libgcc.a(_ashrdi3.o)
 .bss           0x00000000        0x0 d:/atmel/7.0/toolchain/avr8/avr8-gnu-toolchain/bin/../lib/gcc/avr/5.4.0/avr5\libgcc.a(_ashrdi3.o)
 .text.libgcc.mul
                0x00000000        0x0 d:/atmel/7.0/toolchain/avr8/avr8-gnu-toolchain/bin/../lib/gcc/avr/5.4.0/avr5\libgcc.a(_ashrdi3.o)
 .text.libgcc.div
                0x00000000        0x0 d:/atmel/7.0/toolchain/avr8/avr8-gnu-toolchain/bin/../lib/gcc/avr/5.4.0/avr5\libgcc.a(_ashrdi3.o)
 .text.libgcc   0x00000000        0x0 d:/atmel/7.0/toolchain/avr8/avr8-gnu-toolchain/bin/../lib/gcc/avr/5.4.0/avr5\libgcc.a(_ashrdi3.o)
 .text.libgcc.prologue
                0x00000000        0x0 d:/atmel/7.0/toolchain/avr8/avr8-gnu-toolchain/bin/../lib/gcc/avr/5.4.0/avr5\libgcc.a(_ashrdi3.o)
 .text.libgcc.builtins
                0x00000000       0x3c d:/atmel/7.0/toolchain/avr8/avr8-gnu-toolchain/bin/../lib/gcc/avr/5.4.0/avr5\libgcc.a(_ashrdi3.o)
 .text.libgcc.fmul
                0x00000000        0x0 d:/atmel/7.0/toolchain/avr8/avr8-gnu-toolchain/bin/../lib/gcc/avr/5.4.0/avr5\libgcc.a(_ashrdi3.o)
 .text.libgcc.fixed
                0x00000000        0x0 d:/atmel/7.0/toolchain/avr8/avr8-gnu-toolchain/bin/../lib/gcc/avr/5.4.0/avr5\libgcc.a(_ashrdi3.o)
 .text          0x00000000        0x0 d:/atmel/7.0/toolchain/avr8/avr8-gnu-toolchain/bin/../lib/gcc/avr/5.4.0/avr5\libgcc.a(_subdi3.o)
 .data          0x00000000        0x0 d:/atmel/7.0/toolchain/avr8/avr8-gnu-toolchain/bin/../lib/gcc/avr/5.4.0/avr5\libgcc.a(_subdi3.o)
 .bss           0x00000000        0x0 d:/atmel/7.0/toolchain/avr8/avr8-gnu-toolchain/bin/../lib/gcc/avr/5.4.0/avr5\libgcc.a(_subdi3.o)
 .text.libgcc.mul
                0x00000000        0x0 d:/atmel/7.0/toolchain/avr8/avr8-gnu-toolchain/bin/../lib/gcc/avr/5.4.0/avr5\libgcc.a(_subdi3.o)
 .text.libgcc.div
                0x00000000        0x0 d:/atmel/7.0/toolchain/avr8/avr8-gnu-toolchain/bin/../lib/gcc/avr/5.4.0/avr5\libgcc.a(_subdi3.o)
 .text.libgcc   0x00000000       0x12 d:/atmel/7.0/toolchain/avr8/avr8-gnu-toolchain/bin/../lib/gcc/avr/5.4.0/avr5\libgcc.a(_subdi3.o)
 .text.libgcc.prologue
                0x00000000        0x0 d:/atmel/7.0/toolchain/avr8/avr8-gnu-toolchain/bin/../lib/gcc/avr/5.4.0/avr5\libgcc.a(_subdi3.o)
 .text.libgcc.builtins
                0x00000000        0x0 d:/atmel/7.0/toolchain/avr8/avr8-gnu-toolchain/bin/../lib/gcc/avr/5.4.0/avr5\libgcc.a(_subdi3.o)
 .text.libgcc.fmul
                0x00000000        0x0 d:/atmel/7.0/toolchain/avr8/avr8-gnu-toolchain/bin/../lib/gcc/avr/5.4.0/avr5\libgcc.a(_subdi3.o)
 .text.libgcc.fixed
                0x00000000        0x0 d:/atmel/7.0/toolchain/avr8/avr8-gnu-toolchain/bin/../lib/gcc/avr/5.4.0/avr5\libgcc.a(_subdi3.o)
 .text          0x00000000        0x0 d:/atmel/7.0/toolchain/avr8/avr8-gnu-toolchain/bin/../lib/gcc/avr/5.4.0/avr5\libgcc.a(_umulhisi3.o)
 .data          0x00000000        0x0 d:/atmel/7.0/toolchain/avr8/avr8-gnu-toolchain/bin/../lib/gcc/avr/5.4.0/avr5\libgcc.a(_umulhisi3.o)
 .bss           0x00000000        0x0 d:/atmel/7.0/toolchain/avr8/avr8-gnu-toolchain/bin/../lib/gcc/avr/5.4.0/avr5\libgcc.a(_umulhisi3.o)
 .text.libgcc.div
                0x00000000        0x0 d:/atmel/7.0/toolchain/avr8/avr8-gnu-toolchain/bin/../lib/gcc/avr/5.4.0/avr5\libgcc.a(_umulhisi3.o)
 .text.libgcc   0x00000000        0x0 d:/atmel/7.0/toolchain/avr8/avr8-gnu-toolchain/bin/../lib/gcc/avr/5.4.0/avr5\libgcc.a(_umulhisi3.o)
 .text.libgcc.prologue
                0x00000000        0x0 d:/atmel/7.0/toolchain/avr8/avr8-gnu-toolchain/bin/../lib/gcc/avr/5.4.0/avr5\libgcc.a(_umulhisi3.o)
 .text.libgcc.builtins
                0x00000000        0x0 d:/atmel/7.0/toolchain/avr8/avr8-gnu-toolchain/bin/../lib/gcc/avr/5.4.0/avr5\libgcc.a(_umulhisi3.o)
 .text.libgcc.fmul
                0x00000000        0x0 d:/atmel/7.0/toolchain/avr8/avr8-gnu-toolchain/bin/../lib/gcc/avr/5.4.0/avr5\libgcc.a(_umulhisi3.o)
 .text.libgcc.fixed
                0x00000000        0x0 d:/atmel/7.0/toolchain/avr8/avr8-gnu-toolchain/bin/../lib/gcc/avr/5.4.0/avr5\libgcc.a(_umulhisi3.o)

Memory Configuration

Name             Origin             Length             Attributes
text             0x00000000         0x00020000         xr
data             0x00800060         0x0000ffa0         rw !x
eeprom           0x00810000         0x00010000         rw !x
fuse             0x00820000         0x00000400         rw !x
lock             0x00830000         0x00000400         rw !x
signature        0x00840000         0x00000400         rw !x
user_signatures  0x00850000         0x00000400         rw !x
*default*        0x00000000         0xffffffff

Linker script and memory map

Address of section .data set to 0x800100
LOAD D:/Atmel/7.0/Packs/atmel/ATmega_DFP/1.0.98/gcc/dev/atmega64m1/avr5/crtatmega64m1.o
LOAD bmschip.o
LOAD can.o
LOAD DigIO.o
LOAD isocontrol.o
LOAD ivtcontrol.o
LOAD moduleelectronic.o
LOAD SPI.o
LOAD statemachine.o
LOAD timer.o
LOAD uc_v3_base_sw.o
LOAD usart.o
LOAD user_tasks.o
START GROUP
LOAD d:/atmel/7.0/toolchain/avr8/avr8-gnu-toolchain/bin/../lib/gcc/avr/5.4.0/../../../../avr/lib/avr5\libm.a
END GROUP
START GROUP
LOAD d:/atmel/7.0/toolchain/avr8/avr8-gnu-toolchain/bin/../lib/gcc/avr/5.4.0/avr5\libgcc.a
LOAD d:/atmel/7.0/toolchain/avr8/avr8-gnu-toolchain/bin/../lib/gcc/avr/5.4.0/../../../../avr/lib/avr5\libm.a
LOAD d:/atmel/7.0/toolchain/avr8/avr8-gnu-toolchain/bin/../lib/gcc/avr/5.4.0/../../../../avr/lib/avr5\libc.a
LOAD D:/Atmel/7.0/Packs/atmel/ATmega_DFP/1.0.98/gcc/dev/atmega64m1/avr5\libatmega64m1.a
END GROUP
                0x00020000                __TEXT_REGION_LENGTH__ = DEFINED (__TEXT_REGION_LENGTH__)?__TEXT_REGION_LENGTH__:0x20000
                0x0000ffa0                __DATA_REGION_LENGTH__ = DEFINED (__DATA_REGION_LENGTH__)?__DATA_REGION_LENGTH__:0xffa0
                0x00010000                __EEPROM_REGION_LENGTH__ = DEFINED (__EEPROM_REGION_LENGTH__)?__EEPROM_REGION_LENGTH__:0x10000
                0x00000400                __FUSE_REGION_LENGTH__ = DEFINED (__FUSE_REGION_LENGTH__)?__FUSE_REGION_LENGTH__:0x400
                0x00000400                __LOCK_REGION_LENGTH__ = DEFINED (__LOCK_REGION_LENGTH__)?__LOCK_REGION_LENGTH__:0x400
                0x00000400                __SIGNATURE_REGION_LENGTH__ = DEFINED (__SIGNATURE_REGION_LENGTH__)?__SIGNATURE_REGION_LENGTH__:0x400
                0x00000400                __USER_SIGNATURE_REGION_LENGTH__ = DEFINED (__USER_SIGNATURE_REGION_LENGTH__)?__USER_SIGNATURE_REGION_LENGTH__:0x400

.hash
 *(.hash)

.dynsym
 *(.dynsym)

.dynstr
 *(.dynstr)

.gnu.version
 *(.gnu.version)

.gnu.version_d
 *(.gnu.version_d)

.gnu.version_r
 *(.gnu.version_r)

.rel.init
 *(.rel.init)

.rela.init
 *(.rela.init)

.rel.text
 *(.rel.text)
 *(.rel.text.*)
 *(.rel.gnu.linkonce.t*)

.rela.text
 *(.rela.text)
 *(.rela.text.*)
 *(.rela.gnu.linkonce.t*)

.rel.fini
 *(.rel.fini)

.rela.fini
 *(.rela.fini)

.rel.rodata
 *(.rel.rodata)
 *(.rel.rodata.*)
 *(.rel.gnu.linkonce.r*)

.rela.rodata
 *(.rela.rodata)
 *(.rela.rodata.*)
 *(.rela.gnu.linkonce.r*)

.rel.data
 *(.rel.data)
 *(.rel.data.*)
 *(.rel.gnu.linkonce.d*)

.rela.data
 *(.rela.data)
 *(.rela.data.*)
 *(.rela.gnu.linkonce.d*)

.rel.ctors
 *(.rel.ctors)

.rela.ctors
 *(.rela.ctors)

.rel.dtors
 *(.rel.dtors)

.rela.dtors
 *(.rela.dtors)

.rel.got
 *(.rel.got)

.rela.got
 *(.rela.got)

.rel.bss
 *(.rel.bss)

.rela.bss
 *(.rela.bss)

.rel.plt
 *(.rel.plt)

.rela.plt
 *(.rela.plt)

.text           0x00000000     0x232a
 *(.vectors)
 .vectors       0x00000000       0x7c D:/Atmel/7.0/Packs/atmel/ATmega_DFP/1.0.98/gcc/dev/atmega64m1/avr5/crtatmega64m1.o
                0x00000000                __vector_default
                0x00000000                __vectors
 *(.vectors)
 *(.progmem.gcc*)
 .progmem.gcc_sw_table.digital_output_init
                0x0000007c       0xde DigIO.o
                0x0000015a                . = ALIGN (0x2)
                0x0000015a                __trampolines_start = .
 *(.trampolines)
 .trampolines   0x0000015a        0x0 linker stubs
 *(.trampolines*)
                0x0000015a                __trampolines_end = .
 *libprintf_flt.a:*(.progmem.data)
 *libc.a:*(.progmem.data)
 *(.progmem*)
                0x0000015a                . = ALIGN (0x2)
 *(.jumptables)
 *(.jumptables*)
 *(.lowtext)
 *(.lowtext*)
                0x0000015a                __ctors_start = .
 *(.ctors)
                0x0000015a                __ctors_end = .
                0x0000015a                __dtors_start = .
 *(.dtors)
                0x0000015a                __dtors_end = .
 SORT(*)(.ctors)
 SORT(*)(.dtors)
 *(.init0)
 .init0         0x0000015a        0x0 D:/Atmel/7.0/Packs/atmel/ATmega_DFP/1.0.98/gcc/dev/atmega64m1/avr5/crtatmega64m1.o
                0x0000015a                __init
 *(.init0)
 *(.init1)
 *(.init1)
 *(.init2)
 .init2         0x0000015a        0xc D:/Atmel/7.0/Packs/atmel/ATmega_DFP/1.0.98/gcc/dev/atmega64m1/avr5/crtatmega64m1.o
 *(.init2)
 *(.init3)
 *(.init3)
 *(.init4)
 .init4         0x00000166       0x16 d:/atmel/7.0/toolchain/avr8/avr8-gnu-toolchain/bin/../lib/gcc/avr/5.4.0/avr5\libgcc.a(_copy_data.o)
                0x00000166                __do_copy_data
 .init4         0x0000017c       0x10 d:/atmel/7.0/toolchain/avr8/avr8-gnu-toolchain/bin/../lib/gcc/avr/5.4.0/avr5\libgcc.a(_clear_bss.o)
                0x0000017c                __do_clear_bss
 *(.init4)
 *(.init5)
 *(.init5)
 *(.init6)
 *(.init6)
 *(.init7)
 *(.init7)
 *(.init8)
 *(.init8)
 *(.init9)
 .init9         0x0000018c        0x8 D:/Atmel/7.0/Packs/atmel/ATmega_DFP/1.0.98/gcc/dev/atmega64m1/avr5/crtatmega64m1.o
 *(.init9)
 *(.text)
 .text          0x00000194        0x4 D:/Atmel/7.0/Packs/atmel/ATmega_DFP/1.0.98/gcc/dev/atmega64m1/avr5/crtatmega64m1.o
                0x00000194                __vector_22
                0x00000194                __vector_28
                0x00000194                __vector_1
                0x00000194                __vector_24
                0x00000194                __vector_12
                0x00000194                __bad_interrupt
                0x00000194                __vector_6
                0x00000194                __vector_3
                0x00000194                __vector_23
                0x00000194                __vector_30
                0x00000194                __vector_25
                0x00000194                __vector_11
                0x00000194                __vector_13
                0x00000194                __vector_17
                0x00000194                __vector_19
                0x00000194                __vector_7
                0x00000194                __vector_27
                0x00000194                __vector_5
                0x00000194                __vector_4
                0x00000194                __vector_9
                0x00000194                __vector_2
                0x00000194                __vector_21
                0x00000194                __vector_15
                0x00000194                __vector_29
                0x00000194                __vector_8
                0x00000194                __vector_10
                0x00000194                __vector_16
                0x00000194                __vector_18
                0x00000198                . = ALIGN (0x2)
 *(.text.*)
 .text.bmschip_setOvUnVoltage
                0x00000198       0xb0 bmschip.o
                0x00000198                bmschip_setOvUnVoltage
 .text.bmschip_writeDischarge
                0x00000248       0x14 bmschip.o
                0x00000248                bmschip_writeDischarge
 .text.bmschip_startAdc
                0x0000025c       0xbc bmschip.o
                0x0000025c                bmschip_startAdc
 .text.Pec15    0x00000318       0x50 bmschip.o
                0x00000318                Pec15
 .text.bmschip_readConfig
                0x00000368       0x8e bmschip.o
                0x00000368                bmschip_readConfig
 .text.bmschip_writeConfig
                0x000003f6      0x1d4 bmschip.o
                0x000003f6                bmschip_writeConfig
 .text.bmschip_init
                0x000005ca      0x11e bmschip.o
                0x000005ca                bmschip_init
 .text.bmschip_getVoltages
                0x000006e8      0x1d0 bmschip.o
                0x000006e8                bmschip_getVoltages
 .text.bmschip_startGPIO
                0x000008b8      0x114 bmschip.o
                0x000008b8                bmschip_startGPIO
 .text.bmschip_getTemperature
                0x000009cc      0x4ba bmschip.o
                0x000009cc                bmschip_getTemperature
 .text.Zellen_pro_Board
                0x00000e86       0x7a bmschip.o
                0x00000e86                Zellen_pro_Board
 .text.bmschip_evaluate
                0x00000f00      0x15e bmschip.o
                0x00000f00                bmschip_evaluate
 .text.bmschip_checkBalancing
                0x0000105e       0xec bmschip.o
                0x0000105e                bmschip_checkBalancing
 .text.bmschip_recommendBalancing
                0x0000114a       0xf6 bmschip.o
                0x0000114a                bmschip_recommendBalancing
 .text.can_init
                0x00001240      0x1f4 can.o
                0x00001240                can_init
 .text.can_receive_message
                0x00001434      0x106 can.o
                0x00001434                can_receive_message
 .text.can_send_message
                0x0000153a      0x10a can.o
                0x0000153a                can_send_message
 .text.can_receive_task
                0x00001644       0xb4 can.o
                0x00001644                can_receive_task
 .text.can_send_task
                0x000016f8      0x22c can.o
                0x000016f8                can_send_task
 .text.can_task
                0x00001924       0xd0 can.o
                0x00001924                can_task
 .text.digital_output_init
                0x000019f4       0x72 DigIO.o
                0x000019f4                digital_output_init
 .text.ISO_Control_Task
                0x00001a66       0x2a isocontrol.o
                0x00001a66                ISO_Control_Task
 .text.IVT_Control_Task
                0x00001a90       0x48 ivtcontrol.o
                0x00001a90                IVT_Control_Task
 .text.Moduleelectronic_Task
                0x00001ad8      0x166 moduleelectronic.o
                0x00001ad8                Moduleelectronic_Task
 .text.spi_init_master
                0x00001c3e       0x84 SPI.o
                0x00001c3e                spi_init_master
 .text.SPI_Exchange_Block
                0x00001cc2       0x28 SPI.o
                0x00001cc2                SPI_Exchange_Block
 .text.SPI_Transceive_Block
                0x00001cea       0x28 SPI.o
                0x00001cea                SPI_Transceive_Block
 .text.SPI_Transmit_Block
                0x00001d12       0x20 SPI.o
                0x00001d12                SPI_Transmit_Block
 .text.SPI_IT_Callback
                0x00001d32        0x4 SPI.o
                0x00001d32                SPI_IT_Callback
 .text.__vector_26
                0x00001d36       0x84 SPI.o
                0x00001d36                __vector_26
 .text.Get_Statemachine_State
                0x00001dba        0x6 statemachine.o
                0x00001dba                Get_Statemachine_State
 .text.timer_init
                0x00001dc0       0x2e timer.o
                0x00001dc0                timer_init
 .text.__vector_14
                0x00001dee       0xce timer.o
                0x00001dee                __vector_14
 .text.Get_Sys_Tick
                0x00001ebc       0x12 timer.o
                0x00001ebc                Get_Sys_Tick
 .text.timer_50ms_task
                0x00001ece        0xa timer.o
                0x00001ece                timer_50ms_task
 .text.timer_task
                0x00001ed8       0x22 timer.o
                0x00001ed8                timer_task
 .text.Init     0x00001efa       0x5a uc_v3_base_sw.o
                0x00001efa                Init
 .text.main     0x00001f54       0x12 uc_v3_base_sw.o
                0x00001f54                main
 .text.usart_init
                0x00001f66       0x3a usart.o
                0x00001f66                usart_init
 .text.usart_transmit_char
                0x00001fa0       0x14 usart.o
                0x00001fa0                usart_transmit_char
 .text.usart_transmit_string
                0x00001fb4       0x24 usart.o
                0x00001fb4                usart_transmit_string
 .text.__vector_20
                0x00001fd8       0x80 usart.o
                0x00001fd8                __vector_20
 .text.libgcc.div
                0x00002058       0x44 d:/atmel/7.0/toolchain/avr8/avr8-gnu-toolchain/bin/../lib/gcc/avr/5.4.0/avr5\libgcc.a(_udivmodsi4.o)
                0x00002058                __udivmodsi4
 .text.libgcc   0x0000209c        0xc d:/atmel/7.0/toolchain/avr8/avr8-gnu-toolchain/bin/../lib/gcc/avr/5.4.0/avr5\libgcc.a(_tablejump2.o)
                0x0000209c                __tablejump2__
 .text.libgcc.mul
                0x000020a8       0xa0 d:/atmel/7.0/toolchain/avr8/avr8-gnu-toolchain/bin/../lib/gcc/avr/5.4.0/avr5\libgcc.a(_muldi3.o)
                0x000020a8                __muldi3
 .text.libgcc.mul
                0x00002148       0x12 d:/atmel/7.0/toolchain/avr8/avr8-gnu-toolchain/bin/../lib/gcc/avr/5.4.0/avr5\libgcc.a(_muldi3_6.o)
                0x00002148                __muldi3_6
 .text.libgcc.div
                0x0000215a       0x62 d:/atmel/7.0/toolchain/avr8/avr8-gnu-toolchain/bin/../lib/gcc/avr/5.4.0/avr5\libgcc.a(_divdi3.o)
                0x0000215a                __moddi3
                0x0000215e                __divdi3
                0x00002160                __divdi3_moddi3
 .text.libgcc.div
                0x000021bc       0x1c d:/atmel/7.0/toolchain/avr8/avr8-gnu-toolchain/bin/../lib/gcc/avr/5.4.0/avr5\libgcc.a(_udivdi3.o)
                0x000021bc                __umoddi3
                0x000021c0                __udivdi3
                0x000021c2                __udivdi3_umoddi3
 .text.libgcc.div
                0x000021d8       0xa2 d:/atmel/7.0/toolchain/avr8/avr8-gnu-toolchain/bin/../lib/gcc/avr/5.4.0/avr5\libgcc.a(_udivmod64.o)
                0x000021d8                __udivmod64
 .text.libgcc   0x0000227a       0x20 d:/atmel/7.0/toolchain/avr8/avr8-gnu-toolchain/bin/../lib/gcc/avr/5.4.0/avr5\libgcc.a(_negdi2.o)
                0x0000227a                __negdi2
 .text.libgcc.prologue
                0x0000229a       0x38 d:/atmel/7.0/toolchain/avr8/avr8-gnu-toolchain/bin/../lib/gcc/avr/5.4.0/avr5\libgcc.a(_prologue.o)
                0x0000229a                __prologue_saves__
 .text.libgcc.prologue
                0x000022d2       0x36 d:/atmel/7.0/toolchain/avr8/avr8-gnu-toolchain/bin/../lib/gcc/avr/5.4.0/avr5\libgcc.a(_epilogue.o)
                0x000022d2                __epilogue_restores__
 .text.libgcc.mul
                0x00002308       0x1e d:/atmel/7.0/toolchain/avr8/avr8-gnu-toolchain/bin/../lib/gcc/avr/5.4.0/avr5\libgcc.a(_umulhisi3.o)
                0x00002308                __umulhisi3
                0x00002326                . = ALIGN (0x2)
 *(.fini9)
 .fini9         0x00002326        0x0 d:/atmel/7.0/toolchain/avr8/avr8-gnu-toolchain/bin/../lib/gcc/avr/5.4.0/avr5\libgcc.a(_exit.o)
                0x00002326                _exit
                0x00002326                exit
 *(.fini9)
 *(.fini8)
 *(.fini8)
 *(.fini7)
 *(.fini7)
 *(.fini6)
 *(.fini6)
 *(.fini5)
 *(.fini5)
 *(.fini4)
 *(.fini4)
 *(.fini3)
 *(.fini3)
 *(.fini2)
 *(.fini2)
 *(.fini1)
 *(.fini1)
 *(.fini0)
 .fini0         0x00002326        0x4 d:/atmel/7.0/toolchain/avr8/avr8-gnu-toolchain/bin/../lib/gcc/avr/5.4.0/avr5\libgcc.a(_exit.o)
 *(.fini0)
                0x0000232a                _etext = .

.data           0x00800100      0x26a load address 0x0000232a
                0x00800100                PROVIDE (__data_start, .)
 *(.data)
 *(.data*)
 .data.enabled  0x00800100        0x1 isocontrol.o
 .data.enabled  0x00800101        0x1 ivtcontrol.o
 .data.enabled  0x00800102        0x1 moduleelectronic.o
 .data.count3.1784
                0x00800103        0x1 timer.o
 .data.count2.1783
                0x00800104        0x1 timer.o
 .data.count1.1782
                0x00800105        0x1 timer.o
 .data.ms_count.1781
                0x00800106        0x2 timer.o
 .data.usart_tx_complete
                0x00800108        0x1 usart.o
 *(.rodata)
 *(.rodata*)
 .rodata.str1.1
                0x00800109        0x3 bmschip.o
 .rodata.crc15Table
                0x0080010c      0x200 bmschip.o
 .rodata.cells_per_board
                0x0080030c       0x20 bmschip.o
 .rodata.str1.1
                0x0080032c       0x3e uc_v3_base_sw.o
 *(.gnu.linkonce.d*)
                0x0080036a                . = ALIGN (0x2)
                0x0080036a                _edata = .
                0x0080036a                PROVIDE (__data_end, .)

.bss            0x0080036a      0x2e3
                0x0080036a                PROVIDE (__bss_start, .)
 *(.bss)
 *(.bss*)
 .bss.index.1845
                0x0080036a        0x1 can.o
 .bss.error_acknowledge
                0x0080036b        0x1 can.o
 .bss.hv_request
                0x0080036c        0x1 can.o
 .bss.interlock_status
                0x0080036d        0x1 isocontrol.o
 .bss.iso_status
                0x0080036e        0x1 isocontrol.o
 .bss.current_status
                0x0080036f        0x1 ivtcontrol.o
 .bss.communicationcounter
                0x00800370        0x1 moduleelectronic.o
 .bss.voltagecounter
                0x00800371        0x1 moduleelectronic.o
 .bss.tempcounter
                0x00800372        0x1 moduleelectronic.o
 .bss.voltage_status
                0x00800373        0x1 moduleelectronic.o
 .bss.temp_status
                0x00800374        0x1 moduleelectronic.o
 .bss.spi_buffer
                0x00800375        0x2 SPI.o
 .bss.transmit_len
                0x00800377        0x1 SPI.o
 .bss.spi_busy  0x00800378        0x1 SPI.o
 .bss.idx       0x00800379        0x1 SPI.o
 .bss.state     0x0080037a        0x1 statemachine.o
 .bss.flag_100ms
                0x0080037b        0x1 timer.o
 .bss.flag_50ms
                0x0080037c        0x1 timer.o
 .bss.millisec_count
                0x0080037d        0x4 timer.o
                0x0080037d                millisec_count
 .bss.tx_tail_idx
                0x00800381        0x1 usart.o
 .bss.tx_head_idx
                0x00800382        0x1 usart.o
 .bss.usart_tx_buffer
                0x00800383       0x40 usart.o
 .bss.Rec       0x008003c3        0x1 user_tasks.o
                0x008003c3                Rec
 .bss.curDirect
                0x008003c4        0x1 user_tasks.o
                0x008003c4                curDirect
 *(COMMON)
 COMMON         0x008003c5       0x24 bmschip.o
                0x008003c5                buff
                0x008003c7                wait_count
                0x008003c9                ltc6804
                0x008003df                uart_out
 COMMON         0x008003e9        0x1 can.o
                0x008003e9                can_tx_flags
 COMMON         0x008003ea      0x263 user_tasks.o
                0x008003ea                S_Box_Timer_Done
                0x008003eb                tempspeicher
                0x008003ed                bms
                0x00800646                curSpeicher
                0x0080064a                i
                0x0080064b                i1
                0x0080064c                eingabe
                0x0080064d                PROVIDE (__bss_end, .)
                0x0000232a                __data_load_start = LOADADDR (.data)
                0x00002594                __data_load_end = (__data_load_start + SIZEOF (.data))

.noinit         0x0080064d        0x0
                [!provide]                PROVIDE (__noinit_start, .)
 *(.noinit*)
                [!provide]                PROVIDE (__noinit_end, .)
                0x0080064d                _end = .
                [!provide]                PROVIDE (__heap_start, .)

.eeprom         0x00810000        0x0
 *(.eeprom*)
                0x00810000                __eeprom_end = .

.fuse
 *(.fuse)
 *(.lfuse)
 *(.hfuse)
 *(.efuse)

.lock
 *(.lock*)

.signature
 *(.signature*)

.user_signatures
 *(.user_signatures*)

.stab
 *(.stab)

.stabstr
 *(.stabstr)

.stab.excl
 *(.stab.excl)

.stab.exclstr
 *(.stab.exclstr)

.stab.index
 *(.stab.index)

.stab.indexstr
 *(.stab.indexstr)

.comment        0x00000000       0x30
 *(.comment)
 .comment       0x00000000       0x30 bmschip.o
                                 0x31 (size before relaxing)
 .comment       0x00000030       0x31 can.o
 .comment       0x00000030       0x31 DigIO.o
 .comment       0x00000030       0x31 isocontrol.o
 .comment       0x00000030       0x31 ivtcontrol.o
 .comment       0x00000030       0x31 moduleelectronic.o
 .comment       0x00000030       0x31 SPI.o
 .comment       0x00000030       0x31 statemachine.o
 .comment       0x00000030       0x31 timer.o
 .comment       0x00000030       0x31 uc_v3_base_sw.o
 .comment       0x00000030       0x31 usart.o
 .comment       0x00000030       0x31 user_tasks.o

.note.gnu.avr.deviceinfo
                0x00000000       0x40
 .note.gnu.avr.deviceinfo
                0x00000000       0x40 D:/Atmel/7.0/Packs/atmel/ATmega_DFP/1.0.98/gcc/dev/atmega64m1/avr5/crtatmega64m1.o

.note.gnu.build-id
 *(.note.gnu.build-id)

.debug
 *(.debug)

.line
 *(.line)

.debug_srcinfo
 *(.debug_srcinfo)

.debug_sfnames
 *(.debug_sfnames)

.debug_aranges  0x00000000      0x370
 *(.debug_aranges)
 .debug_aranges
                0x00000000       0x90 bmschip.o
 .debug_aranges
                0x00000090       0x70 can.o
 .debug_aranges
                0x00000100       0x20 DigIO.o
 .debug_aranges
                0x00000120       0x40 isocontrol.o
 .debug_aranges
                0x00000160       0x40 ivtcontrol.o
 .debug_aranges
                0x000001a0       0x40 moduleelectronic.o
 .debug_aranges
                0x000001e0       0x58 SPI.o
 .debug_aranges
                0x00000238       0x40 statemachine.o
 .debug_aranges
                0x00000278       0x70 timer.o
 .debug_aranges
                0x000002e8       0x28 uc_v3_base_sw.o
 .debug_aranges
                0x00000310       0x48 usart.o
 .debug_aranges
                0x00000358       0x18 user_tasks.o

.debug_pubnames
 *(.debug_pubnames)

.debug_info     0x00000000     0x4221
 *(.debug_info .gnu.linkonce.wi.*)
 .debug_info    0x00000000      0xf24 bmschip.o
 .debug_info    0x00000f24      0x9fa can.o
 .debug_info    0x0000191e       0x98 DigIO.o
 .debug_info    0x000019b6      0x111 isocontrol.o
 .debug_info    0x00001ac7      0x5f0 ivtcontrol.o
 .debug_info    0x000020b7      0x6d2 moduleelectronic.o
 .debug_info    0x00002789      0x4ff SPI.o
 .debug_info    0x00002c88      0x2b7 statemachine.o
 .debug_info    0x00002f3f      0x52e timer.o
 .debug_info    0x0000346d      0x4e1 uc_v3_base_sw.o
 .debug_info    0x0000394e      0x214 usart.o
 .debug_info    0x00003b62      0x6bf user_tasks.o

.debug_abbrev   0x00000000     0x1058
 *(.debug_abbrev)
 .debug_abbrev  0x00000000      0x2e0 bmschip.o
 .debug_abbrev  0x000002e0      0x2b6 can.o
 .debug_abbrev  0x00000596       0x60 DigIO.o
 .debug_abbrev  0x000005f6       0x76 isocontrol.o
 .debug_abbrev  0x0000066c      0x174 ivtcontrol.o
 .debug_abbrev  0x000007e0      0x196 moduleelectronic.o
 .debug_abbrev  0x00000976      0x165 SPI.o
 .debug_abbrev  0x00000adb      0x120 statemachine.o
 .debug_abbrev  0x00000bfb      0x174 timer.o
 .debug_abbrev  0x00000d6f      0x10a uc_v3_base_sw.o
 .debug_abbrev  0x00000e79       0xf2 usart.o
 .debug_abbrev  0x00000f6b       0xed user_tasks.o

.debug_line     0x00000000     0x2336
 *(.debug_line .debug_line.* .debug_line_end)
 .debug_line    0x00000000      0xb2e bmschip.o
 .debug_line    0x00000b2e      0x6b7 can.o
 .debug_line    0x000011e5      0x195 DigIO.o
 .debug_line    0x0000137a      0x114 isocontrol.o
 .debug_line    0x0000148e      0x14c ivtcontrol.o
 .debug_line    0x000015da      0x203 moduleelectronic.o
 .debug_line    0x000017dd      0x2a2 SPI.o
 .debug_line    0x00001a7f      0x215 statemachine.o
 .debug_line    0x00001c94      0x252 timer.o
 .debug_line    0x00001ee6      0x158 uc_v3_base_sw.o
 .debug_line    0x0000203e      0x250 usart.o
 .debug_line    0x0000228e       0xa8 user_tasks.o

.debug_frame    0x00000000      0xadc
 *(.debug_frame)
 .debug_frame   0x00000000      0x428 bmschip.o
 .debug_frame   0x00000428      0x238 can.o
 .debug_frame   0x00000660       0x24 DigIO.o
 .debug_frame   0x00000684       0x64 isocontrol.o
 .debug_frame   0x000006e8       0x64 ivtcontrol.o
 .debug_frame   0x0000074c       0x78 moduleelectronic.o
 .debug_frame   0x000007c4       0xdc SPI.o
 .debug_frame   0x000008a0       0x70 statemachine.o
 .debug_frame   0x00000910       0xe8 timer.o
 .debug_frame   0x000009f8       0x34 uc_v3_base_sw.o
 .debug_frame   0x00000a2c       0xb0 usart.o

.debug_str      0x00000000      0xbea
 *(.debug_str)
 .debug_str     0x00000000      0x454 bmschip.o
                                0x4d0 (size before relaxing)
 .debug_str     0x00000454      0x16b can.o
                                0x3ac (size before relaxing)
 .debug_str     0x000005bf       0x59 DigIO.o
                                0x17c (size before relaxing)
 .debug_str     0x00000618       0x92 isocontrol.o
                                0x1d9 (size before relaxing)
 .debug_str     0x000006aa       0x72 ivtcontrol.o
                                0x2ad (size before relaxing)
 .debug_str     0x0000071c       0xf0 moduleelectronic.o
                                0x3b1 (size before relaxing)
 .debug_str     0x0000080c       0x98 SPI.o
                                0x249 (size before relaxing)
 .debug_str     0x000008a4       0xa0 statemachine.o
                                0x2c1 (size before relaxing)
 .debug_str     0x00000944      0x10e timer.o
                                0x2cd (size before relaxing)
 .debug_str     0x00000a52       0x2a uc_v3_base_sw.o
                                0x225 (size before relaxing)
 .debug_str     0x00000a7c       0x98 usart.o
                                0x235 (size before relaxing)
 .debug_str     0x00000b14       0xd6 user_tasks.o
                                0x32c (size before relaxing)

.debug_loc      0x00000000     0x2bc9
 *(.debug_loc)
 .debug_loc     0x00000000     0x1baf bmschip.o
 .debug_loc     0x00001baf      0x9f7 can.o
 .debug_loc     0x000025a6       0x4a ivtcontrol.o
 .debug_loc     0x000025f0       0x81 moduleelectronic.o
 .debug_loc     0x00002671      0x258 SPI.o
 .debug_loc     0x000028c9       0x2f statemachine.o
 .debug_loc     0x000028f8       0x70 timer.o
 .debug_loc     0x00002968      0x261 usart.o

.debug_macinfo
 *(.debug_macinfo)

.debug_weaknames
 *(.debug_weaknames)

.debug_funcnames
 *(.debug_funcnames)

.debug_typenames
 *(.debug_typenames)

.debug_varnames
 *(.debug_varnames)

.debug_pubtypes
 *(.debug_pubtypes)

.debug_ranges   0x00000000      0x2d8
 *(.debug_ranges)
 .debug_ranges  0x00000000       0x98 bmschip.o
 .debug_ranges  0x00000098       0x78 can.o
 .debug_ranges  0x00000110       0x10 DigIO.o
 .debug_ranges  0x00000120       0x30 isocontrol.o
 .debug_ranges  0x00000150       0x30 ivtcontrol.o
 .debug_ranges  0x00000180       0x30 moduleelectronic.o
 .debug_ranges  0x000001b0       0x48 SPI.o
 .debug_ranges  0x000001f8       0x30 statemachine.o
 .debug_ranges  0x00000228       0x60 timer.o
 .debug_ranges  0x00000288       0x18 uc_v3_base_sw.o
 .debug_ranges  0x000002a0       0x38 usart.o

.debug_macro
 *(.debug_macro)
OUTPUT(BMS_Master_Welzmiller_6_2(1).elf elf32-avr)
LOAD linker stubs
